Microchip MPLAB XC8 Compiler V2.36

Linker command line:

-W-3 --edf=C:\Program Files\Microchip\xc8\v2.36\pic\dat\en_msgs.txt \
  -pivt0x8=08h -cn -h+dist/default/production\EMUZ80-8085G.X.production.sym \
  --cmf=dist/default/production\EMUZ80-8085G.X.production.cmf -z -Q18F47Q84 \
  -oC:\Users\hiroy\AppData\Local\Temp\xcAsb0k.5 --defsym=__MPLAB_BUILD=1 \
  -Mdist/default/production/EMUZ80-8085G.X.production.map \
  --md=C:\Users\hiroy\AppData\Local\Temp\xcBsb0k.dat -E1 -ver=XC8 Compiler \
  --acfsm=1493 -p_rom_text=10000h -p_rom_3200_text=13200h \
  -p_ram_5400_text=15400h -p_ram_5b00_text=15B00h -ACODE=00h-01FFFFh \
  -ACONST=00h-01FFFFh -ASMALLCONST=03700h-037FFhx457 \
  -AMEDIUMCONST=03700h-0FFFFh,013700h-01FFFFh -ACOMRAM=0501h-055Fh \
  -AABS1=0500h-036FFh -ABIGRAM=0501h-036FFh \
  -ARAM=0560h-05FFh,0600h-06FFhx49 -ABANK5=0560h-05FFh -ABANK6=0600h-06FFh \
  -ABANK7=0700h-07FFh -ABANK8=0800h-08FFh -ABANK9=0900h-09FFh \
  -ABANK10=0A00h-0AFFh -ABANK11=0B00h-0BFFh -ABANK12=0C00h-0CFFh \
  -ABANK13=0D00h-0DFFh -ABANK14=0E00h-0EFFh -ABANK15=0F00h-0FFFh \
  -ABANK16=01000h-010FFh -ABANK17=01100h-011FFh -ABANK18=01200h-012FFh \
  -ABANK19=01300h-013FFh -ABANK20=01400h-014FFh -ABANK21=01500h-015FFh \
  -ABANK22=01600h-016FFh -ABANK23=01700h-017FFh -ABANK24=01800h-018FFh \
  -ABANK25=01900h-019FFh -ABANK26=01A00h-01AFFh -ABANK27=01B00h-01BFFh \
  -ABANK28=01C00h-01CFFh -ABANK29=01D00h-01DFFh -ABANK30=01E00h-01EFFh \
  -ABANK31=01F00h-01FFFh -ABANK32=02000h-020FFh -ABANK33=02100h-021FFh \
  -ABANK34=02200h-022FFh -ABANK35=02300h-023FFh -ABANK36=02400h-024FFh \
  -ABANK37=02500h-025FFh -ABANK38=02600h-026FFh -ABANK39=02700h-027FFh \
  -ABANK40=02800h-028FFh -ABANK41=02900h-029FFh -ABANK42=02A00h-02AFFh \
  -ABANK43=02B00h-02BFFh -ABANK44=02C00h-02CFFh -ABANK45=02D00h-02DFFh \
  -ABANK46=02E00h-02EFFh -ABANK47=02F00h-02FFFh -ABANK48=03000h-030FFh \
  -ABANK49=03100h-031FFh -ABANK50=03200h-032FFh -ABANK51=03300h-033FFh \
  -ABANK52=03400h-034FFh -ABANK53=03500h-035FFh -ABANK54=03600h-036FFh \
  -ASFR=00h-0FFhx4,0400h-045Fh,0460h-04FFh,03700h-037FFhx9 \
  -ABIGSFR=00h-04FFh,03700h-03FFFh -ACONFIG=0300000h-0300023h \
  -AIDLOC=0200000h-020003Fh -AEEDATA=0380000h-03803FFh -peeprom_data=EEDATA \
  -preset_vec=00h -ppowerup=CODE,init -pramtop=03700h \
  -psmallconst=SMALLCONST -pmediumconst=MEDIUMCONST -pconst=CONST \
  -AFARRAM=00h-00h \
  -prdata=COMRAM,nvrram=COMRAM,nvbit=COMRAM,rbss=COMRAM,rbit=COMRAM \
  -pfarbss=FARRAM,fardata=FARRAM,nvFARRAM=FARRAM \
  -pintsave_regs=BIGRAM,bigbss=BIGRAM,bigdata=BIGRAM -pbss=RAM \
  -pidata=CODE,irdata=CODE,ibigdata=CODE,ifardata=CODE -prparam=COMRAM \
  C:\Users\hiroy\AppData\Local\Temp\xcAsb0k.o \
  dist/default/production\EMUZ80-8085G.X.production.o 

Object code version is 3.11

Machine type is 18F47Q84



                Name                               Link     Load   Length Selector   Space Scale
C:\Users\hiroy\AppData\Local\Temp\xcAsb0k.o
                idloc                            200000   200000       40        0       5
                config                           300000   300000       23        0       4
                init                              162D4    162D4        4     AD80       0
                reset_vec                             0        0        4        0       0
dist/default/production\EMUZ80-8085G.X.production.o
                idloc                            200000   200000       40        0       5
                config                           300000   300000       23        0       4
                mediumconst                        FFCE     FFCE       32     7FE7       0
                ivt0x8                                8        8      102        4       0
                text36                            18BA8    18BA8       20     6268       0
                text35                            18BEC    18BEC        E     62FB       0
                text34                            189A0    189A0       3E     6268       0
                text33                            18BC8    18BC8       14     6268       0
                text32                            18B88    18B88       20     6268       0
                text31                            18BFC    18BFC        2     62FF       0
                text30                            18182    18182      140     AD80       0
                text29                            18B38    18B38       2A     6268       0
                text28                            18A80    18A80       30     6268       0
                text27                            18960    18960       3E     AD80       0
                text26                            18042    18042      140     AD80       0
                text25                            18702    18702       84     AD80       0
                text24                            18786    18786       70     AD80       0
                text23                            17C12    17C12      288     AD80       0
                text22                            18678    18678       8A     AD80       0
                text21                            182C2    182C2       D0     AD80       0
                text20                            17282    17282      350     AD80       0
                text19                            18ADE    18ADE       2E     6268       0
                text18                            17906    17906      30C     AD80       0
                text17                            1891A    1891A       46     AD80       0
                text16                            18524    18524       BA     AD80       0
                text15                            18392    18392       CC     AD80       0
                text14                            17E9A    17E9A      1A8     AD80       0
                text13                            18BDC    18BDC        E     6268       0
                text12                            187F6    187F6       6C     AD80       0
                text11                            18A18    18A18       38     6268       0
                text10                            18AB0    18AB0       2E     6268       0
                text9                             185DE    185DE       9A     AD80       0
                text8                             188BE    188BE       5C     AD80       0
                text7                             18A50    18A50       30     6268       0
                text6                             189DE    189DE       3A     6268       0
                text5                             162D8    162D8      A2A     AD80       0
                text4                             1845E    1845E       C6     AD80       0
                text3                             16D02    16D02      580     AD80       0
                text2                             18862    18862       5C     AD80       0
                text1                             18B62    18B62       26     6268       0
                text0                             175D2    175D2      334     AD80       0
                cstackCOMRAM                        501      501       5F      501       1
                cstackBANK5                         560      560       59      560       1
                bssBANK38                          2600     2600       50     2600       1
                bssBANK5                            5B9      5B9       10      560       1
                cinit                             18B0C    18B0C       2C     6268       0
                _ram_5400_text                    15400    15400      700     AA00       0
                _ram_5b00_text                    15B00    15B00      7D4     AD80       0
                _rom_3200_text                    13200    13200     2200     9900       0
                _rom_text                         10000    10000     3200     8000       0

TOTAL           Name                               Link     Load   Length     Space
        CLASS   CODE           
                init                              162D4    162D4        4         0
                reset_vec                             0        0        4         0
                ivt0x8                                8        8      102         0
                text36                            18BA8    18BA8       20         0
                text35                            18BEC    18BEC        E         0
                text34                            189A0    189A0       3E         0
                text33                            18BC8    18BC8       14         0
                text32                            18B88    18B88       20         0
                text31                            18BFC    18BFC        2         0
                text30                            18182    18182      140         0
                text29                            18B38    18B38       2A         0
                text28                            18A80    18A80       30         0
                text27                            18960    18960       3E         0
                text26                            18042    18042      140         0
                text25                            18702    18702       84         0
                text24                            18786    18786       70         0
                text23                            17C12    17C12      288         0
                text22                            18678    18678       8A         0
                text21                            182C2    182C2       D0         0
                text20                            17282    17282      350         0
                text19                            18ADE    18ADE       2E         0
                text18                            17906    17906      30C         0
                text17                            1891A    1891A       46         0
                text16                            18524    18524       BA         0
                text15                            18392    18392       CC         0
                text14                            17E9A    17E9A      1A8         0
                text13                            18BDC    18BDC        E         0
                text12                            187F6    187F6       6C         0
                text11                            18A18    18A18       38         0
                text10                            18AB0    18AB0       2E         0
                text9                             185DE    185DE       9A         0
                text8                             188BE    188BE       5C         0
                text7                             18A50    18A50       30         0
                text6                             189DE    189DE       3A         0
                text5                             162D8    162D8      A2A         0
                text4                             1845E    1845E       C6         0
                text3                             16D02    16D02      580         0
                text2                             18862    18862       5C         0
                text1                             18B62    18B62       26         0
                text0                             175D2    175D2      334         0
                cinit                             18B0C    18B0C       2C         0
                _ram_5400_text                    15400    15400      700         0
                _ram_5b00_text                    15B00    15B00      7D4         0
                _rom_3200_text                    13200    13200     2200         0
                _rom_text                         10000    10000     3200         0

        CLASS   CONST          

        CLASS   SMALLCONST     

        CLASS   MEDIUMCONST    
                mediumconst                        FFCE     FFCE       32         0

        CLASS   COMRAM         
                cstackCOMRAM                        501      501       5F         1

        CLASS   ABS1           
                abs_s1                              600      600     2000         1

        CLASS   BIGRAM         

        CLASS   RAM            

        CLASS   BANK5          
                cstackBANK5                         560      560       59         1
                bssBANK5                            5B9      5B9       10         1

        CLASS   BANK6          

        CLASS   BANK7          

        CLASS   BANK8          

        CLASS   BANK9          

        CLASS   BANK10         

        CLASS   BANK11         

        CLASS   BANK12         

        CLASS   BANK13         

        CLASS   BANK14         

        CLASS   BANK15         

        CLASS   BANK16         

        CLASS   BANK17         

        CLASS   BANK18         

        CLASS   BANK19         

        CLASS   BANK20         

        CLASS   BANK21         

        CLASS   BANK22         

        CLASS   BANK23         

        CLASS   BANK24         

        CLASS   BANK25         

        CLASS   BANK26         

        CLASS   BANK27         

        CLASS   BANK28         

        CLASS   BANK29         

        CLASS   BANK30         

        CLASS   BANK31         

        CLASS   BANK32         

        CLASS   BANK33         

        CLASS   BANK34         

        CLASS   BANK35         

        CLASS   BANK36         

        CLASS   BANK37         

        CLASS   BANK38         
                bssBANK38                          2600     2600       50         1

        CLASS   BANK39         

        CLASS   BANK40         

        CLASS   BANK41         

        CLASS   BANK42         

        CLASS   BANK43         

        CLASS   BANK44         

        CLASS   BANK45         

        CLASS   BANK46         

        CLASS   BANK47         

        CLASS   BANK48         

        CLASS   BANK49         

        CLASS   BANK50         

        CLASS   BANK51         

        CLASS   BANK52         

        CLASS   BANK53         

        CLASS   BANK54         

        CLASS   SFR            

        CLASS   BIGSFR         

        CLASS   CONFIG         
                config                           300000   300000       23         4

        CLASS   IDLOC          
                idloc                            200000   200000       40         5

        CLASS   EEDATA         

        CLASS   FARRAM         

        CLASS   HEAP           

        CLASS   STACK          



SEGMENTS        Name                           Load    Length   Top    Selector   Space  Class

                reset_vec                      000000  000004  000004         0       0  CODE    
                ivt0x8                         000008  000102  00010A         4       0  CODE    
                cstackCOMRAM                   000501  00005F  000560       501       1  COMRAM  
                cstackBANK5                    000560  000069  0005C9       560       1  BANK5   
                bssBANK38                      002600  000050  002650      2600       1  BANK38  
                mediumconst                    00FFCE  000032  010000      7FE7       0  MEDIUMCO
                _rom_text                      010000  003200  013200      8000       0  CODE    
                _rom_3200_text                 013200  002200  015400      9900       0  CODE    
                _ram_5400_text                 015400  000700  015B00      AA00       0  CODE    
                _ram_5b00_text                 015B00  002E9E  01899E      AD80       0  CODE    
                text34                         0189A0  00024A  018BEA      6268       0  CODE    
                text35                         018BEC  00000E  018BFA      62FB       0  CODE    
                text31                         018BFC  000002  018BFE      62FF       0  CODE    


UNUSED ADDRESS RANGES

        Name                Unused          Largest block    Delta
        BANK38           002650-0026FF               B0
        BANK39           002700-0027FF              100
        BANK40           002800-0028FF              100
        BANK41           002900-0029FF              100
        BANK42           002A00-002AFF              100
        BANK43           002B00-002BFF              100
        BANK44           002C00-002CFF              100
        BANK45           002D00-002DFF              100
        BANK46           002E00-002EFF              100
        BANK47           002F00-002FFF              100
        BANK48           003000-0030FF              100
        BANK49           003100-0031FF              100
        BANK5            0005C9-0005FF               37
        BANK50           003200-0032FF              100
        BANK51           003300-0033FF              100
        BANK52           003400-0034FF              100
        BANK53           003500-0035FF              100
        BANK54           003600-0036FF              100
        BIGRAM           0005C9-0005FF               37
                         002650-0036FF             10B0
        BIGSFR           000000-0004FF              500
                         003700-003FFF              900
        CODE             000004-000007                4
                         00010A-00FFCD             FEC4
                         01899E-01899F                2
                         018BEA-018BEB                2
                         018BFA-018BFB                2
                         018BFE-01FFFF             7402
        CONFIG           300023-300023                1
        CONST            000004-000007                4
                         00010A-00FFCD             FEC4
                         01899E-01899F                2
                         018BEA-018BEB                2
                         018BFA-018BFB                2
                         018BFE-01FFFF             7402
        EEDATA           380000-3803FF              400
        MEDIUMCONST      003700-00FFCD             C8CE
                         01899E-01899F                2
                         018BEA-018BEB                2
                         018BFA-018BFB                2
                         018BFE-01FFFF             7402
        RAM              0005C9-0005FF               37
                         002650-0036FF              100
        SFR              000000-0004FF              100
                         003700-003FFF              100
        SMALLCONST       003700-00FFCD              100
                         01899E-01899F                2
                         018BEA-018BEB                2
                         018BFA-018BFB                2
                         018BFE-01FFFF              100

                                  Symbol Table

?___awdiv                cstackCOMRAM   000501
?___awmod                cstackCOMRAM   000501
?___fladd                cstackCOMRAM   000501
?___fldiv                cstackCOMRAM   000528
?___flmul                cstackCOMRAM   00050F
?___flneg                cstackCOMRAM   000501
?___flsub                cstackCOMRAM   000528
?___fltol                cstackCOMRAM   000501
?___fpclassifyf          cstackCOMRAM   000501
?___wmul                 cstackCOMRAM   000501
?___xxtofl               cstackCOMRAM   000501
?_atoi                   cstackCOMRAM   000508
?_efgtoa                 cstackCOMRAM   000555
?_floorf                 cstackCOMRAM   000541
?_isdigit                cstackCOMRAM   000501
?_isspace                cstackCOMRAM   000501
?_isupper                cstackCOMRAM   000501
?_pad                    cstackCOMRAM   000512
?_printf                 cstackBANK5    0005AD
?_strlen                 cstackCOMRAM   000501
?_strncmp                cstackCOMRAM   000501
?_tolower                cstackCOMRAM   000507
?_vfpfcnvrt              cstackBANK5    000597
?_vfprintf               cstackBANK5    0005A5
IVTBASEH                 (abs)          00045E
IVTBASEL                 (abs)          00045D
IVTBASEU                 (abs)          00045F
_ALE_ISR                 text36         018BA8
_ANSELA0                 (abs)          002000
_ANSELA1                 (abs)          002001
_ANSELA2                 (abs)          002002
_ANSELA3                 (abs)          002003
_ANSELA4                 (abs)          002004
_ANSELA5                 (abs)          002005
_ANSELA6                 (abs)          002006
_ANSELA7                 (abs)          002007
_ANSELB                  (abs)          000408
_ANSELC0                 (abs)          002080
_ANSELC1                 (abs)          002081
_ANSELC2                 (abs)          002082
_ANSELC3                 (abs)          002083
_ANSELC4                 (abs)          002084
_ANSELC5                 (abs)          002085
_ANSELC6                 (abs)          002086
_ANSELC7                 (abs)          002087
_ANSELD                  (abs)          000418
_ANSELE0                 (abs)          002100
_ANSELE1                 (abs)          002101
_ANSELE2                 (abs)          002102
_BSR                     (abs)          0004E0
_CLC1IE                  (abs)          0024F5
_CLC1IF                  (abs)          002575
_CLC2IE                  (abs)          002521
_CLC2IF                  (abs)          0025A1
_CLC3IE                  (abs)          00252D
_CLC3IF                  (abs)          0025AD
_CLC4IE                  (abs)          00253D
_CLC4IF                  (abs)          0025BD
_CLC5IE                  (abs)          002541
_CLC5IF                  (abs)          0025C1
_CLC6IE                  (abs)          002549
_CLC6IF                  (abs)          0025C9
_CLC7IE                  (abs)          002561
_CLC7IF                  (abs)          0025E1
_CLC8IE                  (abs)          002569
_CLC8IF                  (abs)          0025E9
_CLCIN0PPS               (abs)          000261
_CLCIN1PPS               (abs)          000262
_CLCIN2PPS               (abs)          000263
_CLCIN3PPS               (abs)          000264
_CLCIN4PPS               (abs)          000265
_CLCIN5PPS               (abs)          000266
_CLCIN6PPS               (abs)          000267
_CLCIN7PPS               (abs)          000268
_CLCSELECT               (abs)          0000D5
_CLCnCON                 (abs)          0000D6
_CLCnGLS0                (abs)          0000DC
_CLCnGLS1                (abs)          0000DD
_CLCnGLS2                (abs)          0000DE
_CLCnGLS3                (abs)          0000DF
_CLCnPOL                 (abs)          0000D7
_CLCnSEL0                (abs)          0000D8
_CLCnSEL1                (abs)          0000D9
_CLCnSEL2                (abs)          0000DA
_CLCnSEL3                (abs)          0000DB
_Default_ISR             text31         018BFC
_GIE                     (abs)          0026B7
_IO_READ_ISR             text34         0189A0
_IO_WRITE_ISR            text35         018BEC
_IVTBASE                 (abs)          00045D
_IVTLOCK                 (abs)          000459
_IVTLOCKbits             (abs)          000459
_LATA4                   (abs)          0025F4
_LATA6                   (abs)          0025F6
_LATC2                   (abs)          002602
_LATC3                   (abs)          002603
_LATC4                   (abs)          002604
_LATC5                   (abs)          002605
_LATC7                   (abs)          002607
_LATE1                   (abs)          002611
_LATE2                   (abs)          002612
_NCO1CLK                 (abs)          000447
_NCO1EN                  (abs)          002237
_NCO1INC                 (abs)          000443
_NCO1OUT                 (abs)          002235
_NCO1PFM                 (abs)          002230
_OSCFRQ                  (abs)          0000B1
_RA4PPS                  (abs)          000205
_RA5PPS                  (abs)          000206
_RA6PPS                  (abs)          000207
_RAM_READ_ISR            text32         018B88
_RAM_WRITE_ISR           text33         018BC8
_TBLPTRU                 (abs)          0004F8
_TRISA0                  (abs)          002630
_TRISA1                  (abs)          002631
_TRISA2                  (abs)          002632
_TRISA3                  (abs)          002633
_TRISA4                  (abs)          002634
_TRISA5                  (abs)          002635
_TRISA6                  (abs)          002636
_TRISA7                  (abs)          002637
_TRISB                   (abs)          0004C7
_TRISC0                  (abs)          002640
_TRISC1                  (abs)          002641
_TRISC2                  (abs)          002642
_TRISC3                  (abs)          002643
_TRISC4                  (abs)          002644
_TRISC5                  (abs)          002645
_TRISC6                  (abs)          002646
_TRISC7                  (abs)          002647
_TRISD                   (abs)          0004C9
_TRISE0                  (abs)          002650
_TRISE1                  (abs)          002651
_TRISE2                  (abs)          002652
_U3BRG                   (abs)          0002D4
_U3ON                    (abs)          001697
_U3RXEN                  (abs)          00168C
_U3RXPPS                 (abs)          000276
_U3TXB                   (abs)          0002C9
_U3TXEN                  (abs)          00168D
_U3TXIF                  (abs)          0025B9
_WPUA0                   (abs)          002008
_WPUA1                   (abs)          002009
_WPUA2                   (abs)          00200A
_WPUA3                   (abs)          00200B
_WPUB                    (abs)          000409
_WPUC0                   (abs)          002088
_WPUC1                   (abs)          002089
_WPUC6                   (abs)          00208E
_WPUD                    (abs)          000419
_WPUE0                   (abs)          002108
__HRAM                   (abs)          000000
__H_ram_5400_text        _ram_5400_text 015B00
__H_ram_5b00_text        _ram_5b00_text 0162D4
__H_rom_3200_text        _rom_3200_text 015400
__H_rom_text             _rom_text      013200
__Habs1                  abs1           000000
__Hbank10                bank10         000000
__Hbank11                bank11         000000
__Hbank12                bank12         000000
__Hbank13                bank13         000000
__Hbank14                bank14         000000
__Hbank15                bank15         000000
__Hbank16                bank16         000000
__Hbank17                bank17         000000
__Hbank18                bank18         000000
__Hbank19                bank19         000000
__Hbank20                bank20         000000
__Hbank21                bank21         000000
__Hbank22                bank22         000000
__Hbank23                bank23         000000
__Hbank24                bank24         000000
__Hbank25                bank25         000000
__Hbank26                bank26         000000
__Hbank27                bank27         000000
__Hbank28                bank28         000000
__Hbank29                bank29         000000
__Hbank30                bank30         000000
__Hbank31                bank31         000000
__Hbank32                bank32         000000
__Hbank33                bank33         000000
__Hbank34                bank34         000000
__Hbank35                bank35         000000
__Hbank36                bank36         000000
__Hbank37                bank37         000000
__Hbank38                bank38         000000
__Hbank39                bank39         000000
__Hbank40                bank40         000000
__Hbank41                bank41         000000
__Hbank42                bank42         000000
__Hbank43                bank43         000000
__Hbank44                bank44         000000
__Hbank45                bank45         000000
__Hbank46                bank46         000000
__Hbank47                bank47         000000
__Hbank48                bank48         000000
__Hbank49                bank49         000000
__Hbank5                 bank5          000000
__Hbank50                bank50         000000
__Hbank51                bank51         000000
__Hbank52                bank52         000000
__Hbank53                bank53         000000
__Hbank54                bank54         000000
__Hbank6                 bank6          000000
__Hbank7                 bank7          000000
__Hbank8                 bank8          000000
__Hbank9                 bank9          000000
__Hbigbss                bigbss         000000
__Hbigdata               bigdata        000000
__Hbigram                bigram         000000
__Hbigsfr                bigsfr         000000
__Hbss                   bss            000000
__HbssBANK38             bssBANK38      000000
__HbssBANK5              bssBANK5       000000
__Hcinit                 cinit          000000
__Hclrtext               clrtext        000000
__Hcomram                comram         000000
__Hconfig                config         300023
__Hconst                 const          000000
__HcstackBANK5           cstackBANK5    000000
__HcstackCOMRAM          cstackCOMRAM   000000
__Hdata                  data           000000
__Heeprom_data           eeprom_data    000000
__Hfarbss                farbss         000000
__Hfardata               fardata        000000
__Hheap                  heap           000000
__Hibigdata              ibigdata       000000
__Hidata                 idata          000000
__Hidloc                 idloc          200040
__Hifardata              ifardata       000000
__Hinit                  init           0162D8
__Hintsave_regs          intsave_regs   000000
__Hirdata                irdata         000000
__Hivt0x8                ivt0x8         00010A
__Hmediumconst           mediumconst    010000
__HnvFARRAM              nvFARRAM       000000
__Hnvbit                 nvbit          000000
__Hnvrram                nvrram         000000
__Hparam                 rparam         000000
__Hpowerup               powerup        000000
__Hram                   ram            000000
__Hramtop                ramtop         003700
__Hrbit                  rbit           000000
__Hrbss                  rbss           000000
__Hrdata                 rdata          000000
__Hreset_vec             reset_vec      000004
__Hrparam                rparam         000000
__Hsfr                   sfr            000000
__Hsmallconst            smallconst     000000
__Hspace_0               (abs)          018BFE
__Hspace_1               (abs)          002650
__Hspace_2               (abs)          000000
__Hspace_4               (abs)          600023
__Hstack                 stack          000000
__Hstruct                struct         000000
__Htemp                  temp           000000
__Htext                  text           000000
__Htext0                 text0          000000
__Htext1                 text1          000000
__Htext10                text10         000000
__Htext11                text11         000000
__Htext12                text12         000000
__Htext13                text13         000000
__Htext14                text14         000000
__Htext15                text15         000000
__Htext16                text16         000000
__Htext17                text17         000000
__Htext18                text18         000000
__Htext19                text19         000000
__Htext2                 text2          000000
__Htext20                text20         000000
__Htext21                text21         000000
__Htext22                text22         000000
__Htext23                text23         000000
__Htext24                text24         000000
__Htext25                text25         000000
__Htext26                text26         000000
__Htext27                text27         000000
__Htext28                text28         000000
__Htext29                text29         000000
__Htext3                 text3          000000
__Htext30                text30         000000
__Htext31                text31         000000
__Htext32                text32         000000
__Htext33                text33         000000
__Htext34                text34         000000
__Htext35                text35         000000
__Htext36                text36         000000
__Htext4                 text4          000000
__Htext5                 text5          000000
__Htext6                 text6          000000
__Htext7                 text7          000000
__Htext8                 text8          000000
__Htext9                 text9          000000
__LRAM                   (abs)          000001
__L_ram_5400_text        _ram_5400_text 015400
__L_ram_5b00_text        _ram_5b00_text 015B00
__L_rom_3200_text        _rom_3200_text 013200
__L_rom_text             _rom_text      010000
__Labs1                  abs1           000000
__Lbank10                bank10         000000
__Lbank11                bank11         000000
__Lbank12                bank12         000000
__Lbank13                bank13         000000
__Lbank14                bank14         000000
__Lbank15                bank15         000000
__Lbank16                bank16         000000
__Lbank17                bank17         000000
__Lbank18                bank18         000000
__Lbank19                bank19         000000
__Lbank20                bank20         000000
__Lbank21                bank21         000000
__Lbank22                bank22         000000
__Lbank23                bank23         000000
__Lbank24                bank24         000000
__Lbank25                bank25         000000
__Lbank26                bank26         000000
__Lbank27                bank27         000000
__Lbank28                bank28         000000
__Lbank29                bank29         000000
__Lbank30                bank30         000000
__Lbank31                bank31         000000
__Lbank32                bank32         000000
__Lbank33                bank33         000000
__Lbank34                bank34         000000
__Lbank35                bank35         000000
__Lbank36                bank36         000000
__Lbank37                bank37         000000
__Lbank38                bank38         000000
__Lbank39                bank39         000000
__Lbank40                bank40         000000
__Lbank41                bank41         000000
__Lbank42                bank42         000000
__Lbank43                bank43         000000
__Lbank44                bank44         000000
__Lbank45                bank45         000000
__Lbank46                bank46         000000
__Lbank47                bank47         000000
__Lbank48                bank48         000000
__Lbank49                bank49         000000
__Lbank5                 bank5          000000
__Lbank50                bank50         000000
__Lbank51                bank51         000000
__Lbank52                bank52         000000
__Lbank53                bank53         000000
__Lbank54                bank54         000000
__Lbank6                 bank6          000000
__Lbank7                 bank7          000000
__Lbank8                 bank8          000000
__Lbank9                 bank9          000000
__Lbigbss                bigbss         000000
__Lbigdata               bigdata        000000
__Lbigram                bigram         000000
__Lbigsfr                bigsfr         000000
__Lbss                   bss            000000
__LbssBANK38             bssBANK38      000000
__LbssBANK5              bssBANK5       000000
__Lcinit                 cinit          000000
__Lclrtext               clrtext        000000
__Lcomram                comram         000000
__Lconfig                config         000000
__Lconst                 const          000000
__LcstackBANK5           cstackBANK5    000000
__LcstackCOMRAM          cstackCOMRAM   000000
__Ldata                  data           000000
__Leeprom_data           eeprom_data    000000
__Lfarbss                farbss         000000
__Lfardata               fardata        000000
__Lheap                  heap           000000
__Libigdata              ibigdata       000000
__Lidata                 idata          000000
__Lidloc                 idloc          000000
__Lifardata              ifardata       000000
__Linit                  init           0162D4
__Lintsave_regs          intsave_regs   000000
__Lirdata                irdata         000000
__Livt0x8                ivt0x8         000008
__Lmediumconst           mediumconst    00FFCE
__LnvFARRAM              nvFARRAM       000000
__Lnvbit                 nvbit          000000
__Lnvrram                nvrram         000000
__Lparam                 rparam         000000
__Lpowerup               powerup        000000
__Lram                   ram            000000
__Lramtop                ramtop         003700
__Lrbit                  rbit           000000
__Lrbss                  rbss           000000
__Lrdata                 rdata          000000
__Lreset_vec             reset_vec      000000
__Lrparam                rparam         000000
__Lsfr                   sfr            000000
__Lsmallconst            smallconst     000000
__Lspace_0               (abs)          000000
__Lspace_1               (abs)          000000
__Lspace_2               (abs)          000000
__Lspace_4               (abs)          000000
__Lstack                 stack          000000
__Lstruct                struct         000000
__Ltemp                  temp           000000
__Ltext                  text           000000
__Ltext0                 text0          000000
__Ltext1                 text1          000000
__Ltext10                text10         000000
__Ltext11                text11         000000
__Ltext12                text12         000000
__Ltext13                text13         000000
__Ltext14                text14         000000
__Ltext15                text15         000000
__Ltext16                text16         000000
__Ltext17                text17         000000
__Ltext18                text18         000000
__Ltext19                text19         000000
__Ltext2                 text2          000000
__Ltext20                text20         000000
__Ltext21                text21         000000
__Ltext22                text22         000000
__Ltext23                text23         000000
__Ltext24                text24         000000
__Ltext25                text25         000000
__Ltext26                text26         000000
__Ltext27                text27         000000
__Ltext28                text28         000000
__Ltext29                text29         000000
__Ltext3                 text3          000000
__Ltext30                text30         000000
__Ltext31                text31         000000
__Ltext32                text32         000000
__Ltext33                text33         000000
__Ltext34                text34         000000
__Ltext35                text35         000000
__Ltext36                text36         000000
__Ltext4                 text4          000000
__Ltext5                 text5          000000
__Ltext6                 text6          000000
__Ltext7                 text7          000000
__Ltext8                 text8          000000
__Ltext9                 text9          000000
__S0                     (abs)          018BFE
__S1                     (abs)          002650
__S4                     (abs)          000000
__S5                     (abs)          000000
___awdiv                 text25         018702
___awdiv@counter         cstackCOMRAM   000505
___awdiv@dividend        cstackCOMRAM   000501
___awdiv@divisor         cstackCOMRAM   000503
___awdiv@quotient        cstackCOMRAM   000507
___awdiv@sign            cstackCOMRAM   000506
___awmod                 text24         018786
___awmod@counter         cstackCOMRAM   000505
___awmod@dividend        cstackCOMRAM   000501
___awmod@divisor         cstackCOMRAM   000503
___awmod@sign            cstackCOMRAM   000506
___fladd                 text18         017906
___fladd@a               cstackCOMRAM   000505
___fladd@aexp            cstackCOMRAM   00050E
___fladd@b               cstackCOMRAM   000501
___fladd@bexp            cstackCOMRAM   00050F
___fladd@grs             cstackCOMRAM   000510
___fladd@signs           cstackCOMRAM   00050D
___fldiv                 text23         017C12
___fldiv@a               cstackCOMRAM   00052C
___fldiv@aexp            cstackCOMRAM   000540
___fldiv@b               cstackCOMRAM   000528
___fldiv@bexp            cstackCOMRAM   00053F
___fldiv@grs             cstackCOMRAM   00053B
___fldiv@new_exp         cstackCOMRAM   000539
___fldiv@rem             cstackCOMRAM   000534
___fldiv@sign            cstackCOMRAM   000538
___fleq                  text22         018678
___fleq@ff1              cstackCOMRAM   000501
___fleq@ff2              cstackCOMRAM   000505
___flge                  text21         0182C2
___flge@ff1              cstackCOMRAM   000528
___flge@ff2              cstackCOMRAM   00052C
___flmul                 text20         017282
___flmul@a               cstackCOMRAM   000513
___flmul@aexp            cstackCOMRAM   00051C
___flmul@b               cstackCOMRAM   00050F
___flmul@bexp            cstackCOMRAM   000521
___flmul@grs             cstackCOMRAM   00051D
___flmul@prod            cstackCOMRAM   000522
___flmul@sign            cstackCOMRAM   00051B
___flmul@temp            cstackCOMRAM   000526
___flneg                 text19         018ADE
___flneg@f1              cstackCOMRAM   000501
___flsub                 text17         01891A
___flsub@a               cstackCOMRAM   00052C
___flsub@b               cstackCOMRAM   000528
___fltol                 text16         018524
___fltol@exp1            cstackCOMRAM   00050A
___fltol@f1              cstackCOMRAM   000501
___fltol@sign1           cstackCOMRAM   000509
___fpclassifyf           text15         018392
___fpclassifyf@F465      bssBANK5       0005BD
___fpclassifyf@e         cstackCOMRAM   000509
___fpclassifyf@u         cstackCOMRAM   00050B
___fpclassifyf@x         cstackCOMRAM   000501
___heap_hi               (abs)          000000
___heap_lo               (abs)          000000
___inthi_sp              stack          000000
___intlo_sp              stack          000000
___param_bank            (abs)          000000
___rparam_used           (abs)          000001
___sp                    stack          000000
___wmul                  text29         018B38
___wmul@multiplicand     cstackCOMRAM   000503
___wmul@multiplier       cstackCOMRAM   000501
___wmul@product          cstackCOMRAM   000505
___xxtofl                text30         018182
___xxtofl@arg            cstackCOMRAM   00050B
___xxtofl@exp            cstackCOMRAM   00050A
___xxtofl@sign           cstackCOMRAM   000509
___xxtofl@val            cstackCOMRAM   000501
__accesstop              (abs)          000560
__activetblptr           (abs)          000003
__end_of_ALE_ISR         text36         018BC8
__end_of_Default_ISR     text31         018BFE
__end_of_IO_READ_ISR     text34         0189DE
__end_of_IO_WRITE_ISR    text35         018BFA
__end_of_RAM_READ_ISR    text32         018BA8
__end_of_RAM_WRITE_ISR   text33         018BDC
__end_of___awdiv         text25         018786
__end_of___awmod         text24         0187F6
__end_of___fladd         text18         017C12
__end_of___fldiv         text23         017E9A
__end_of___fleq          text22         018702
__end_of___flge          text21         018392
__end_of___flmul         text20         0175D2
__end_of___flneg         text19         018B0C
__end_of___flsub         text17         018960
__end_of___fltol         text16         0185DE
__end_of___fpclassifyf   text15         01845E
__end_of___wmul          text29         018B62
__end_of___xxtofl        text30         0182C2
__end_of__initialization cinit          018B32
__end_of_atoi            text26         018182
__end_of_efgtoa          text5          016D02
__end_of_floorf          text14         018042
__end_of_fputc           text12         018862
__end_of_fputs           text11         018A50
__end_of_isdigit         text28         018AB0
__end_of_isspace         text27         01899E
__end_of_isupper         text7          018A80
__end_of_main            text0          017906
__end_of_pad             text9          018678
__end_of_printf          text1          018B88
__end_of_putch           text13         018BEA
__end_of_ram_5400        _ram_5400_text 015B00
__end_of_ram_5b00        _ram_5b00_text 0162D3
__end_of_rom             _rom_text      013200
__end_of_rom_3200        _rom_3200_text 015400
__end_of_strcpy          text8          01891A
__end_of_strlen          text10         018ADE
__end_of_strncmp         text4          018524
__end_of_tolower         text6          018A18
__end_of_vfpfcnvrt       text3          017282
__end_of_vfprintf        text2          0188BE
__initialization         cinit          018B0C
__mediumconst            mediumconst    00FFCE
__p_ram_5400_text        _ram_5400_text 015400
__p_ram_5b00_text        _ram_5b00_text 015B00
__p_rom_3200_text        _rom_3200_text 013200
__p_rom_text             _rom_text      010000
__pbssBANK38             bssBANK38      002600
__pbssBANK5              bssBANK5       0005B9
__pcinit                 cinit          018B0C
__pcstackBANK5           cstackBANK5    000560
__pcstackCOMRAM          cstackCOMRAM   000501
__pivt0x8                ivt0x8         000008
__pmediumconst           mediumconst    00FFCE
__ptext0                 text0          0175D2
__ptext1                 text1          018B62
__ptext10                text10         018AB0
__ptext11                text11         018A18
__ptext12                text12         0187F6
__ptext13                text13         018BDC
__ptext14                text14         017E9A
__ptext15                text15         018392
__ptext16                text16         018524
__ptext17                text17         01891A
__ptext18                text18         017906
__ptext19                text19         018ADE
__ptext2                 text2          018862
__ptext20                text20         017282
__ptext21                text21         0182C2
__ptext22                text22         018678
__ptext23                text23         017C12
__ptext24                text24         018786
__ptext25                text25         018702
__ptext26                text26         018042
__ptext27                text27         018960
__ptext28                text28         018A80
__ptext29                text29         018B38
__ptext3                 text3          016D02
__ptext30                text30         018182
__ptext31                text31         018BFC
__ptext32                text32         018B88
__ptext33                text33         018BC8
__ptext34                text34         0189A0
__ptext35                text35         018BEC
__ptext36                text36         018BA8
__ptext4                 text4          01845E
__ptext5                 text5          0162D8
__ptext6                 text6          0189DE
__ptext7                 text7          018A50
__ptext8                 text8          0188BE
__ptext9                 text9          0185DE
__ramtop                 ramtop         003700
__smallconst             smallconst     000000
_atoi                    text26         018042
_dbuf                    bssBANK38      002600
_efgtoa                  text5          0162D8
_efgtoa$759              cstackBANK5    000565
_efgtoa$767              cstackBANK5    000567
_efgtoa$768              cstackBANK5    000569
_flags                   bssBANK5       0005C7
_floorf                  text14         017E9A
_fputc                   text12         0187F6
_fputs                   text11         018A18
_isdigit                 text28         018A80
_isspace                 text27         018960
_isspace$846             cstackCOMRAM   000507
_isupper                 text7          018A50
_main                    text0          0175D2
_main$1128               cstackBANK5    0005B5
_nout                    bssBANK5       0005C1
_pad                     text9          0185DE
_prec                    bssBANK5       0005C5
_printf                  text1          018B62
_putch                   text13         018BDC
_ram                     (abs)          000600
_ram_5400                _ram_5400_text 015400
_ram_5400_absaddr        (abs)          015400
_ram_5b00                _ram_5b00_text 015B00
_ram_5b00_absaddr        (abs)          015B00
_rom                     _rom_text      010000
_rom_3200                _rom_3200_text 013200
_rom_3200_absaddr        (abs)          013200
_rom_absaddr             (abs)          010000
_strcpy                  text8          0188BE
_strlen                  text10         018AB0
_strncmp                 text4          01845E
_tolower                 text6          0189DE
_vfpfcnvrt               text3          016D02
_vfprintf                text2          018862
_width                   bssBANK5       0005C3
atoi@n                   cstackCOMRAM   000510
atoi@neg                 cstackCOMRAM   00050E
atoi@s                   cstackCOMRAM   000508
efgtoa@c                 cstackCOMRAM   00055B
efgtoa@d                 cstackBANK5    000577
efgtoa@e                 cstackBANK5    00058F
efgtoa@f                 cstackCOMRAM   000557
efgtoa@fp                cstackCOMRAM   000555
efgtoa@g                 cstackBANK5    00058B
efgtoa@h                 cstackBANK5    000581
efgtoa@i                 cstackBANK5    000589
efgtoa@l                 cstackBANK5    000585
efgtoa@m                 cstackBANK5    000571
efgtoa@mode              cstackBANK5    000580
efgtoa@n                 cstackBANK5    000591
efgtoa@ne                cstackBANK5    00056F
efgtoa@nmode             cstackBANK5    00057F
efgtoa@ou                cstackBANK5    000573
efgtoa@p                 cstackBANK5    00057B
efgtoa@pp                cstackBANK5    00056D
efgtoa@sign              cstackBANK5    000579
efgtoa@t                 cstackBANK5    00056B
efgtoa@u                 cstackBANK5    000593
efgtoa@w                 cstackBANK5    00057D
end_of_initialization    cinit          018B32
floorf@F526              bssBANK5       0005B9
floorf@e                 cstackCOMRAM   00054F
floorf@m                 cstackCOMRAM   00054B
floorf@u                 cstackCOMRAM   000551
floorf@x                 cstackCOMRAM   000541
fputc@c                  cstackCOMRAM   000502
fputc@fp                 cstackCOMRAM   000504
fputs@c                  cstackCOMRAM   00050F
fputs@fp                 cstackCOMRAM   00050D
fputs@i                  cstackCOMRAM   000510
fputs@s                  cstackCOMRAM   00050B
intlevel0                text           000000
intlevel1                text           000000
intlevel2                text           000000
intlevel3                text           000000
isa$std                  (abs)          000001
isa$xinst                (abs)          000000
isdigit@c                cstackCOMRAM   000501
isspace@c                cstackCOMRAM   000501
isupper@c                cstackCOMRAM   000501
ivt0x8_base              ivt0x8         000008
ivt0x8_undefint          ivt0x8         000108
pad@buf                  cstackCOMRAM   000514
pad@fp                   cstackCOMRAM   000512
pad@i                    cstackCOMRAM   000519
pad@p                    cstackCOMRAM   000516
pad@w                    cstackCOMRAM   00051B
printf@ap                cstackBANK5    0005B3
printf@fmt               cstackBANK5    0005AD
putch@c                  cstackCOMRAM   000501
stackhi                  (abs)          000000
stacklo                  (abs)          000000
start                    init           0162D4
start_initialization     cinit          018B0C
strcpy@d                 cstackCOMRAM   000509
strcpy@dest              cstackCOMRAM   000501
strcpy@s                 cstackCOMRAM   000507
strcpy@src               cstackCOMRAM   000503
strlen@a                 cstackCOMRAM   000503
strlen@s                 cstackCOMRAM   000501
strncmp@_l               cstackCOMRAM   000501
strncmp@_r               cstackCOMRAM   000503
strncmp@l                cstackCOMRAM   000508
strncmp@n                cstackCOMRAM   000505
strncmp@r                cstackCOMRAM   00050A
tolower@c                cstackCOMRAM   000507
vfpfcnvrt@ap             cstackBANK5    00059B
vfpfcnvrt@c              cstackBANK5    0005A4
vfpfcnvrt@ct             cstackBANK5    0005A1
vfpfcnvrt@f              cstackBANK5    00059D
vfpfcnvrt@fmt            cstackBANK5    000599
vfpfcnvrt@fp             cstackBANK5    000597
vfprintf@ap              cstackBANK5    0005A9
vfprintf@cfmt            cstackBANK5    0005AB
vfprintf@fmt             cstackBANK5    0005A7
vfprintf@fp              cstackBANK5    0005A5


MODULE INFORMATION

Module		Function		Class		Link	Load	Size
C:\Program Files\Microchip\xc8\v2.36\pic\sources\c99\common\nf_fputs.c
		_fputs         		CODE           	18A18	0000	56

C:\Program Files\Microchip\xc8\v2.36\pic\sources\c99\common\nf_fputs.c estimated size: 56

C:\Program Files\Microchip\xc8\v2.36\pic\sources\c99\common\printf.c
		_printf        		CODE           	18B62	0000	38

C:\Program Files\Microchip\xc8\v2.36\pic\sources\c99\common\printf.c estimated size: 38

C:\Program Files\Microchip\xc8\v2.36\pic\sources\c99\common\strncmp.c
		_strncmp       		CODE           	1845E	0000	198

C:\Program Files\Microchip\xc8\v2.36\pic\sources\c99\common\strncmp.c estimated size: 198

C:\Program Files\Microchip\xc8\v2.36\pic\sources\c99\common\tolower.c
		_tolower       		CODE           	189DE	0000	58

C:\Program Files\Microchip\xc8\v2.36\pic\sources\c99\common\tolower.c estimated size: 58

C:\Program Files\Microchip\xc8\v2.36\pic\sources\c99\common\__fpclassifyf.c
		___fpclassifyf 		CODE           	18392	0000	204

C:\Program Files\Microchip\xc8\v2.36\pic\sources\c99\common\__fpclassifyf.c estimated size: 204

C:\Program Files\Microchip\xc8\v2.36\pic\sources\c99\common\sprcmul.c
		___flmul       		CODE           	17282	0000	848

C:\Program Files\Microchip\xc8\v2.36\pic\sources\c99\common\sprcmul.c estimated size: 848

C:\Program Files\Microchip\xc8\v2.36\pic\sources\c99\common\floorf.c
		_floorf        		CODE           	17E9A	0000	424

C:\Program Files\Microchip\xc8\v2.36\pic\sources\c99\common\floorf.c estimated size: 424

C:\Program Files\Microchip\xc8\v2.36\pic\sources\c99\common\sprcdiv.c
		___fldiv       		CODE           	17C12	0000	648

C:\Program Files\Microchip\xc8\v2.36\pic\sources\c99\common\sprcdiv.c estimated size: 648

C:\Program Files\Microchip\xc8\v2.36\pic\sources\c99\common\atoi.c
		_atoi          		CODE           	18042	0000	320

C:\Program Files\Microchip\xc8\v2.36\pic\sources\c99\common\atoi.c estimated size: 320

C:\Program Files\Microchip\xc8\v2.36\pic\sources\c99\common\fleq.c
		___fleq        		CODE           	18678	0000	138

C:\Program Files\Microchip\xc8\v2.36\pic\sources\c99\common\fleq.c estimated size: 138

C:\Program Files\Microchip\xc8\v2.36\pic\sources\c99\common\awmod.c
		___awmod       		CODE           	18786	0000	112

C:\Program Files\Microchip\xc8\v2.36\pic\sources\c99\common\awmod.c estimated size: 112

C:\Program Files\Microchip\xc8\v2.36\pic\sources\c99\common\isspace.c
		_isspace       		CODE           	18960	0000	62

C:\Program Files\Microchip\xc8\v2.36\pic\sources\c99\common\isspace.c estimated size: 62

C:\Program Files\Microchip\xc8\v2.36\pic\sources\c99\common\xxtofl.c
		___xxtofl      		CODE           	18182	0000	320

C:\Program Files\Microchip\xc8\v2.36\pic\sources\c99\common\xxtofl.c estimated size: 320

C:\Program Files\Microchip\xc8\v2.36\pic\sources\c99\common\strlen.c
		_strlen        		CODE           	18AB0	0000	46

C:\Program Files\Microchip\xc8\v2.36\pic\sources\c99\common\strlen.c estimated size: 46

C:\Program Files\Microchip\xc8\v2.36\pic\sources\c99\common\strcpy.c
		_strcpy        		CODE           	188BE	0000	92

C:\Program Files\Microchip\xc8\v2.36\pic\sources\c99\common\strcpy.c estimated size: 92

emuz80_8085g.c
		_ALE_ISR       		CODE           	18BA8	0000	32
		_putch         		CODE           	18BDC	0000	14
		_IO_WRITE_ISR  		CODE           	18BEC	0000	14
		_main          		CODE           	175D2	0000	820
		_RAM_WRITE_ISR 		CODE           	18BC8	0000	20
		_RAM_READ_ISR  		CODE           	18B88	0000	32
		_IO_READ_ISR   		CODE           	189A0	0000	62
		_Default_ISR   		CODE           	18BFC	0000	2

emuz80_8085g.c estimated size: 996

C:\Program Files\Microchip\xc8\v2.36\pic\sources\c99\common\nf_fputc.c
		_fputc         		CODE           	187F6	0000	108

C:\Program Files\Microchip\xc8\v2.36\pic\sources\c99\common\nf_fputc.c estimated size: 108

C:\Program Files\Microchip\xc8\v2.36\pic\sources\c99\common\isdigit.c
		_isdigit       		CODE           	18A80	0000	48

C:\Program Files\Microchip\xc8\v2.36\pic\sources\c99\common\isdigit.c estimated size: 48

C:\Program Files\Microchip\xc8\v2.36\pic\sources\c99\common\sprcadd.c
		___flsub       		CODE           	1891A	0000	70
		___fladd       		CODE           	17906	0000	780

C:\Program Files\Microchip\xc8\v2.36\pic\sources\c99\common\sprcadd.c estimated size: 850

C:\Program Files\Microchip\xc8\v2.36\pic\sources\c99\common\awdiv.c
		___awdiv       		CODE           	18702	0000	132

C:\Program Files\Microchip\xc8\v2.36\pic\sources\c99\common\awdiv.c estimated size: 132

C:\Program Files\Microchip\xc8\v2.36\pic\sources\c99\common\doprnt.c
		_vfpfcnvrt     		CODE           	16D02	0000	1408
		_efgtoa        		CODE           	162D8	0000	2602
		_pad           		CODE           	185DE	0000	154
		_vfprintf      		CODE           	18862	0000	92

C:\Program Files\Microchip\xc8\v2.36\pic\sources\c99\common\doprnt.c estimated size: 4256

C:\Program Files\Microchip\xc8\v2.36\pic\sources\c99\common\fltol.c
		___fltol       		CODE           	18524	0000	186

C:\Program Files\Microchip\xc8\v2.36\pic\sources\c99\common\fltol.c estimated size: 186

shared
		_ram_5b00      		CODE           	15B00	0000	2003
		_ram_5400      		CODE           	15400	0000	1792
		_rom           		CODE           	10000	0000	12800
		__initialization		CODE           	18B0C	0000	38
		_rom_3200      		CODE           	13200	0000	8704

shared estimated size: 25337

C:\Program Files\Microchip\xc8\v2.36\pic\sources\c99\common\flge.c
		___flge        		CODE           	182C2	0000	208

C:\Program Files\Microchip\xc8\v2.36\pic\sources\c99\common\flge.c estimated size: 208

C:\Program Files\Microchip\xc8\v2.36\pic\sources\c99\common\Umul16.c
		___wmul        		CODE           	18B38	0000	42

C:\Program Files\Microchip\xc8\v2.36\pic\sources\c99\common\Umul16.c estimated size: 42

C:\Program Files\Microchip\xc8\v2.36\pic\sources\c99\common\flneg.c
		___flneg       		CODE           	18ADE	0000	46

C:\Program Files\Microchip\xc8\v2.36\pic\sources\c99\common\flneg.c estimated size: 46

C:\Program Files\Microchip\xc8\v2.36\pic\sources\c99\common\isupper.c
		_isupper       		CODE           	18A50	0000	48

C:\Program Files\Microchip\xc8\v2.36\pic\sources\c99\common\isupper.c estimated size: 48

